"if/ef/el: if block"
"if/ef/el: ef block"
"if/ef/el: else block"
nil
