"if/ef/el: if block"
"if/ef/ef/el: first ef block"
"if/ef/ef/el: second ef block"
"if/ef/else: else block"
nil
