"if/elif/el: if block"
"if/elif/elif/el: first elif block"
"if/elif/elif/el: second elif block"
"if/elif/else: else block"
nil
