"if/elif/el: if block"
"if/elif/el: elif block"
"if/elif/el: else block"
nil
