"c"
"e"
"ab"
"abcd"
"cdef"
"ef"
"bcd"
"abCdEf"
3
4
[1, 2]
[1, 2, 3]
[3, 4, 5]
[4, 5]
[2, 3]
[1, 2, 8, 9, 5]
1
true
3
"moo"
true
