// two-by-two integer matrix
[[8, 5], [20, 13]]

// three-by-three float matrix
[[ 1.02957515e+13,  6.40102809e+06, -6.89255440e+05], [-3.79799649e+07, -4.13268035e+06, -7.25164898e+04], [-4.83229998e+07, -2.22220177e+06,  2.88100000e-01]]

// ten-by-ten float matrix
[[ 4.74069900e+02,  1.65451941e+04, -7.02318740e+03, -4.33449640e+03, -2.53013260e+03, -1.32515292e+04, -6.54898580e+03, -1.22217570e+03,  4.20458400e+03, -1.55603285e+04],
 [ 8.08121270e+03,  1.33333710e+04, -7.48801250e+03, -4.44849600e+02, -9.57435600e+02, -3.49165710e+03, -8.37670000e+02,  2.10755590e+03, -4.38573490e+03, -2.59290988e+04],
 [ 8.43400160e+03,  9.82680300e+03,  3.89042800e+02,  1.24784300e+02, -8.47138370e+03, -1.88952271e+04, -1.48732220e+03, -1.31690530e+03,  1.68131730e+03, -2.23966239e+04],
 [ 8.15521190e+03,  9.60460640e+03, -2.46830870e+03, -1.17061691e+04, -1.42347678e+04,  5.59984700e+02, -3.84331760e+03, -3.55321480e+03, -1.03598410e+03, -2.28444937e+04],
 [ 7.29381640e+03,  9.86239160e+03, -2.44472410e+03,  1.12500034e+04, -3.37463790e+03, -9.61277230e+03, -9.57590540e+03,  3.90352310e+03,  4.10799020e+03, -1.94548311e+04],
 [ 1.86221260e+04,  1.28608095e+04,  4.11324800e+02,  3.07566250e+03, -1.19216902e+04, -7.56643460e+03, -3.58732290e+03,  3.18359100e+03,  1.95929000e+03, -3.53980261e+04],
 [ 4.31623070e+03,  9.09696450e+03, -6.98590000e+00, -2.58070590e+03, -1.08805684e+04, -9.22455480e+03, -2.54693490e+03,  5.09510550e+03,  9.26620400e+03, -1.90359109e+04],
 [ 4.72798690e+03,  2.44281774e+04, -7.81470460e+03, -8.47325820e+03,  1.38027400e+02, -1.60722200e+04, -2.23182330e+03, -4.89915270e+03, -8.84843260e+03, -2.35068250e+04],
 [ 1.08163350e+04,  1.61213377e+04,  4.36297500e+02, -1.63528180e+03, -8.62556220e+03, -1.47357024e+04, -3.34775400e+02, -1.27830380e+03,  5.71567620e+03, -2.25634263e+04],
 [ 4.87365420e+03,  1.15876213e+04, -9.29179500e+02, -9.63215220e+03, -7.54149800e+03, -5.92868870e+03,  6.98043780e+03, -1.05947140e+03,  7.10380000e+00, -1.84260618e+04]]

// two matrices of different size
error: input matrix sizes must aggree

// wrong number of inputs for the function
error: wrong number of arguments. Desired arguments: 2. Given arguments: 1.
error: wrong number of arguments. Desired arguments: 2. Given arguments: 3.
