0
1
2
3
4
"---"
0
1
2
3
4
5
"---"
5
4
3
2
1
"---"
5
4
3
2
1
0
"---"
0
2
4
"---"
0
2
4
"---"
0
1
2
3
4
5
"---"
0
1
2
3
4
5
