0
1
2
0
1
3
4
5
6
0
ERROR: division by zero not allowed
